../Core/Src/main.c:85:6:Forward	8	static
../Core/Src/main.c:95:6:Backwards	8	static
../Core/Src/main.c:105:6:Left	8	static
../Core/Src/main.c:115:6:Right	8	static
../Core/Src/main.c:125:6:Stop	8	static
../Core/Src/main.c:141:5:main	16	static
../Core/Src/main.c:228:6:SystemClock_Config	80	static
../Core/Src/main.c:272:13:MX_ADC_Init	24	static
../Core/Src/main.c:327:13:MX_TIM2_Init	48	static
../Core/Src/main.c:390:13:MX_TIM3_Init	48	static
../Core/Src/main.c:449:13:MX_TIM4_Init	48	static
../Core/Src/main.c:507:13:MX_TIM5_Init	64	static
../Core/Src/main.c:578:13:MX_USART1_UART_Init	8	static
../Core/Src/main.c:611:13:MX_USART2_UART_Init	8	static
../Core/Src/main.c:644:13:MX_GPIO_Init	48	static
../Core/Src/main.c:705:6:HAL_TIM_OC_DelayElapsedCallback	16	static
../Core/Src/main.c:715:6:HAL_TIM_IC_CaptureCallback	16	static
../Core/Src/main.c:734:6:HAL_TIM_PeriodElapsedCallback	16	static
../Core/Src/main.c:739:6:HAL_GPIO_EXTI_Callback	16	static
../Core/Src/main.c:748:6:Error_Handler	4	static,ignoring_inline_asm
