../Core/Src/main.c:85:6:Forward	1
../Core/Src/main.c:95:6:Backwards	1
../Core/Src/main.c:105:6:Left	1
../Core/Src/main.c:115:6:Right	1
../Core/Src/main.c:125:6:Stop	1
../Core/Src/main.c:141:5:main	14
../Core/Src/main.c:228:6:SystemClock_Config	3
../Core/Src/main.c:272:13:MX_ADC_Init	3
../Core/Src/main.c:327:13:MX_TIM2_Init	7
../Core/Src/main.c:390:13:MX_TIM3_Init	6
../Core/Src/main.c:449:13:MX_TIM4_Init	6
../Core/Src/main.c:507:13:MX_TIM5_Init	8
../Core/Src/main.c:578:13:MX_USART1_UART_Init	2
../Core/Src/main.c:611:13:MX_USART2_UART_Init	2
../Core/Src/main.c:644:13:MX_GPIO_Init	1
../Core/Src/main.c:705:6:HAL_TIM_OC_DelayElapsedCallback	3
../Core/Src/main.c:715:6:HAL_TIM_IC_CaptureCallback	4
../Core/Src/main.c:734:6:HAL_TIM_PeriodElapsedCallback	2
../Core/Src/main.c:739:6:HAL_GPIO_EXTI_Callback	2
../Core/Src/main.c:748:6:Error_Handler	1
